
> tuition-saas@0.1.0 build
> next build

   Γû▓ Next.js 16.0.8 (Turbopack)

   Creating an optimized production build ...
node.exe : Error: Cannot apply unknown utility class 
`border-border`. Are you using CSS modules or similar and 
missing `@reference`? https://tailwindcss.com/docs/functions
-and-directives#reference-directive
At C:\Program Files\nodejs\npm.ps1:29 char:3
+   & $NODE_EXE $NPM_CLI_JS $args
+   ~~~~~~~~~~~~~~~~~~~~~~~~~~~~~
    + CategoryInfo          : NotSpecified: (Error: Cannot  
   a...rence-directive:String) [], RemoteException
    + FullyQualifiedErrorId : NativeCommandError
 
    [2m[at onInvalidCandidate (C:\Users\840 G6 New Version\
Documents\Class\tuition-saas\node_modules\tailwindcss\dist\l
ib.js:21:1314)][0m
    [2m[at Te (C:\Users\840 G6 New Version\Documents\Class\
tuition-saas\node_modules\tailwindcss\dist\lib.js:16:36364)]
[0m
    [2m[at C:\Users\840 G6 New Version\Documents\Class\tuit
ion-saas\node_modules\tailwindcss\dist\lib.js:21:355][0m
    [2m[at Tr (C:\Users\840 G6 New Version\Documents\Class\
tuition-saas\node_modules\tailwindcss\dist\lib.js:3:1718)][
0m
    [2m[at _ (C:\Users\840 G6 New Version\Documents\Class\t
uition-saas\node_modules\tailwindcss\dist\lib.js:3:1377)][0
m
    [2m[at Se (C:\Users\840 G6 New Version\Documents\Class\
tuition-saas\node_modules\tailwindcss\dist\lib.js:21:172)][
0m
    [2m[at ln (C:\Users\840 G6 New Version\Documents\Class\
tuition-saas\node_modules\tailwindcss\dist\lib.js:38:294)][
0m
    [2m[at process.processTicksAndRejections 
(node:internal/process/task_queues:105:5)][0m
    [2m[at async sn (C:\Users\840 G6 New Version\Documents\
Class\tuition-saas\node_modules\tailwindcss\dist\lib.js:38:6
31)][0m
    [2m[at async Qr (C:\Users\840 G6 New Version\Documents\
Class\tuition-saas\node_modules\@tailwindcss\node\dist\index
.js:10:3385)][0m

> Build error occurred
Error: Turbopack build failed with 2 errors:
./src/app/globals.css
Error evaluating Node.js code
CssSyntaxError: tailwindcss: C:\Users\840 G6 New Version\Doc
uments\Class\tuition-saas\src\app\globals.css:1:1: Cannot 
apply unknown utility class `border-border`. Are you using 
CSS modules or similar and missing `@reference`? https://tai
lwindcss.com/docs/functions-and-directives#reference-directi
ve
    at Input.error 
(node_modules/postcss/lib/input.js:135:16) [C:\Users\840 G6 
New Version\Documents\Class\tuition-saas\.next\build\chunks\
node_modules_fe693df6._.js:4651:22]
    at Root.error (node_modules/postcss/lib/node.js:146:32) 
[C:\Users\840 G6 New Version\Documents\Class\tuition-saas\.n
ext\build\chunks\node_modules_fe693df6._.js:928:38]
    [at Object.Once (C:\Users\840 G6 New Version\Documents\C
lass\tuition-saas\node_modules\@tailwindcss\postcss\dist\ind
ex.js:10:6912)]
    [at process.processTicksAndRejections 
(node:internal/process/task_queues:105:5)]
    at async LazyResult.runAsync 
(node_modules/postcss/lib/lazy-result.js:293:11) 
[C:\Users\840 G6 New Version\Documents\Class\tuition-saas\.n
ext\build\chunks\node_modules_fe693df6._.js:6206:21]
    at async transform 
(turbopack:///[turbopack-node]/transforms/postcss.ts:70:34) 
[C:\Users\840 G6 New Version\Documents\Class\tuition-saas\.n
ext\build\chunks\[root-of-the-server]__51225daf._.js:146:36]
    at async run 
(turbopack:///[turbopack-node]/ipc/evaluate.ts:92:23) 
[C:\Users\840 G6 New Version\Documents\Class\tuition-saas\.n
ext\build\chunks\[root-of-the-server]__974941ed._.js:443:31]

Import trace:
  Client Component Browser:
    ./src/app/globals.css [Client Component Browser]
    ./src/app/layout.tsx [Server Component]


./tailwind.config.ts:61:15
Module not found: Can't resolve 'tailwindcss-animate'
[0m [90m 59 |[39m         }[33m,[39m
 [90m 60 |[39m     }[33m,[39m
[31m[1m>[22m[39m[90m 61 |[39m     plugins[33m:[39m 
[require([32m"tailwindcss-animate"[39m)][33m,[39m
 [90m    |[39m               [31m[1m^[22m[39m[31m[1m
^[22m[39m[31m[1m^[22m[39m[31m[1m^[22m[39m[31m[1m
^[22m[39m[31m[1m^[22m[39m[31m[1m^[22m[39m[31m[1m
^[22m[39m[31m[1m^[22m[39m[31m[1m^[22m[39m[31m[1m
^[22m[39m[31m[1m^[22m[39m[31m[1m^[22m[39m[31m[1m
^[22m[39m[31m[1m^[22m[39m[31m[1m^[22m[39m[31m[1m
^[22m[39m[31m[1m^[22m[39m[31m[1m^[22m[39m[31m[1m
^[22m[39m[31m[1m^[22m[39m[31m[1m^[22m[39m[31m[1m
^[22m[39m[31m[1m^[22m[39m[31m[1m^[22m[39m[31m[1m
^[22m[39m[31m[1m^[22m[39m[31m[1m^[22m[39m[31m[1m
^[22m[39m[31m[1m^[22m[39m
 [90m 62 |[39m }[33m;[39m
 [90m 63 |[39m [36mexport[39m [36mdefault[39m 
config[33m;[39m
 [90m 64 |[39m[0m



https://nextjs.org/docs/messages/module-not-found


    at async transform 
(turbopack:///[turbopack-node]/transforms/postcss.ts:70:34) 
[C:\Users\840 G6 New Version\Documents\Class\tuition-saas\.n
ext\build\chunks\[root-of-the-server]__51225daf._.js:146:36]
)
    at async run 
(turbopack:///[turbopack-node]/ipc/evaluate.ts:92:23) 
[C:\Users\840 G6 New Version\Documents\Class\tuition-saas\.n
ext\build\chunks\[root-of-the-server]__974941ed._.js:443:31]
)
    at <unknown> (./tailwind.config.ts:61:15)
    at <unknown> 
(https://nextjs.org/docs/messages/module-not-found)
